// Jest Snapshot v1, https://goo.gl/fbAQLP

exports[`<Login /> It renders login view 1`] = `
<Fragment>
  <nav
    className="navbar"
    role="navigation"
  >
    <ul
      className="breadcrumb"
    >
      <li
        key="home"
      >
         
      </li>
    </ul>
  </nav>
  <div
    className="container"
  >
    <h1
      className="center"
    >
      Extenda Retail Tech Radar
    </h1>
    <div
      className="row"
    >
      <div
        className="two columns"
      >
         
      </div>
      <div
        className="five columns"
      >
        <p>
          <span
            aria-label="Wave"
            role="img"
          >
            👋
          </span>
            Welcome to the Extenda Retail Tech Radar. Login with your Extenda Retail Google account.
        </p>
      </div>
      <div
        className="three columns"
      >
        <GoogleLogin
          className="google-button"
          hosted_domain="extendaretail.com"
          onFailure={[Function]}
          onSuccess={[Function]}
          theme="outline"
        />
      </div>
      <div
        className="two columns"
      >
         
      </div>
    </div>
  </div>
</Fragment>
`;
