// Jest Snapshot v1, https://goo.gl/fbAQLP

exports[`<Quadrant /> It renders as expected 1`] = `
<Fragment>
  <Navigation
    entry={null}
    home={null}
    quadrant={
      {
        "dirname": "test1",
        "name": "Test",
      }
    }
    tag={null}
  />
  <div
    className="container"
  >
    <h1>
      Test
    </h1>
    <QuadrantList
      blips={
        [
          {
            "id": -1,
          },
        ]
      }
      headerLevel={2}
      quadrant={
        {
          "adopt": [
            {
              "active": true,
              "filename": "1.html",
              "id": 1,
              "name": "A - 1",
            },
            {
              "active": true,
              "filename": "2.html",
              "id": 2,
              "name": "B - 2",
            },
          ],
          "assess": [
            {
              "active": true,
              "filename": "3.html",
              "id": 3,
              "name": "C - 3",
            },
          ],
          "dirname": "test1",
          "hold": [
            {
              "active": true,
              "filename": "4.html",
              "id": 4,
              "name": "D - 4",
            },
            {
              "active": true,
              "filename": "5.html",
              "id": 5,
              "name": "E - 5",
            },
            {
              "active": false,
              "filename": "6.html",
              "id": 6,
              "name": "F - 6",
            },
          ],
          "name": "Test",
          "trial": [],
        }
      }
      useShortname={false}
    />
  </div>
</Fragment>
`;

exports[`<Quadrant /> It renders not found for invalid quadrant 1`] = `<NotFound />`;
