// Jest Snapshot v1, https://goo.gl/fbAQLP

exports[`<Quadrant /> It renders as expected 1`] = `
<Fragment>
  <Navigation
    entry={null}
    home={null}
    quadrant={
      Object {
        "dirname": "test1",
        "name": "Test",
      }
    }
    tag={null}
  />
  <div
    className="container"
  >
    <h1>
      Test
    </h1>
    <div
      className="row"
    >
      <div
        className="one-half column"
      >
        <h2>
          Adopt
        </h2>
        <ul
          className="adopt"
        >
          <li
            key="1.html"
          >
            <Link
              to="/entries/1.html"
            >
              A - 1
            </Link>
          </li>
          <li
            key="2.html"
          >
            <Link
              to="/entries/2.html"
            >
              B - 2
            </Link>
          </li>
        </ul>
        <h2>
          Trial
        </h2>
        <ul
          className="trial"
        />
      </div>
      <div
        className="one-half column"
      >
        <h2>
          Assess
        </h2>
        <ul
          className="assess"
        >
          <li
            key="3.html"
          >
            <Link
              to="/entries/3.html"
            >
              C - 3
            </Link>
          </li>
        </ul>
        <h2>
          Hold
        </h2>
        <ul
          className="hold"
        >
          <li
            key="4.html"
          >
            <Link
              to="/entries/4.html"
            >
              D - 4
            </Link>
          </li>
          <li
            key="5.html"
          >
            <Link
              to="/entries/5.html"
            >
              E - 5
            </Link>
          </li>
          <li
            key="6.html"
          >
            <Link
              to="/entries/6.html"
            >
              F - 6
            </Link>
          </li>
        </ul>
      </div>
    </div>
  </div>
</Fragment>
`;

exports[`<Quadrant /> It renders not found for invalid quadrant 1`] = `<NotFound />`;
